char literal: 'hello'
char literal: L'h'
char literal: U'h'
char literal: u'h'
char literal: '\''
char literal: '\"'
char literal: '\?'
char literal: '\\'
char literal: '\a'
char literal: '\b'
char literal: '\n'
char literal: '\f'
char literal: '\r'
char literal: '\t'
char literal: '\v'
eof
