ident: _a
ident: a
ident: a_1
ident: a1_
ident: int1
ident: aint
eof
