keyword: alignof
keyword: auto
keyword: break
keyword: case
keyword: char
keyword: const
keyword: continue
keyword: default
keyword: do
keyword: double
keyword: else
keyword: enum
keyword: extern
keyword: float
keyword: for
keyword: goto
keyword: if
keyword: inline
keyword: int
keyword: long
keyword: register
keyword: restrict
keyword: return
keyword: short
keyword: signed
keyword: sizeof
keyword: static
keyword: struct
keyword: switch
keyword: typedef
keyword: union
keyword: unsigned
keyword: void
keyword: volatile
keyword: while
keyword: _Alignas
keyword: _Atomic
keyword: _Bool
keyword: _Complex
keyword: _Generic
keyword: _Imaginary
keyword: _Noreturn
keyword: _Static_assert
keyword: _Thread_local
eof
