string literal: "hello"
string literal: u8"h"
string literal: u"h"
string literal: U"h"
string literal: L"h"
string literal: "\'"
string literal: "\""
string literal: "\?"
string literal: "\\"
string literal: "\a"
string literal: "\b"
string literal: "\n"
string literal: "\f"
string literal: "\r"
string literal: "\t"
string literal: "\v"
string literal: ""
eof
